Traceback (most recent call last):
  File "/home/christopher/miniconda3/envs/spatial/lib/python3.10/site-packages/pandas/core/indexes/base.py", line 3812, in get_loc
    return self._engine.get_loc(casted_key)
  File "pandas/_libs/index.pyx", line 167, in pandas._libs.index.IndexEngine.get_loc
  File "pandas/_libs/index.pyx", line 196, in pandas._libs.index.IndexEngine.get_loc
  File "pandas/_libs/hashtable_class_helper.pxi", line 7088, in pandas._libs.hashtable.PyObjectHashTable.get_item
  File "pandas/_libs/hashtable_class_helper.pxi", line 7096, in pandas._libs.hashtable.PyObjectHashTable.get_item
KeyError: 'cell_id'

The above exception was the direct cause of the following exception:

Traceback (most recent call last):
  File "/home/christopher/projects/oligo-mtDSB/run_compartment_read_based.py", line 306, in <module>
    main()
  File "/home/christopher/projects/oligo-mtDSB/run_compartment_read_based.py", line 261, in main
    ad_annot, ad_pseudo = domains_by_rbd(
  File "/home/christopher/projects/oligo-mtDSB/run_compartment_read_based.py", line 195, in domains_by_rbd
    mapping = dict(zip(adata_neigh.obs[cell_id_key], adata_neigh.obs[key]))
  File "/home/christopher/miniconda3/envs/spatial/lib/python3.10/site-packages/pandas/core/frame.py", line 4113, in __getitem__
    indexer = self.columns.get_loc(key)
  File "/home/christopher/miniconda3/envs/spatial/lib/python3.10/site-packages/pandas/core/indexes/base.py", line 3819, in get_loc
    raise KeyError(key) from err
KeyError: 'cell_id'
